../isotp-c/isotp.c:11:5:isotp_user_send_can	64	static
../isotp-c/isotp.c:25:10:isotp_user_get_ms	8	static
../isotp-c/isotp.c:30:16:isotp_ms_to_st_min	24	static
../isotp-c/isotp.c:42:16:isotp_st_min_to_ms	24	static
../isotp-c/isotp.c:56:12:isotp_send_flow_control	32	static
../isotp-c/isotp.c:80:12:isotp_send_single_frame	32	static
../isotp-c/isotp.c:106:12:isotp_send_first_frame	32	static
../isotp-c/isotp.c:130:12:isotp_send_consecutive_frame	32	static
../isotp-c/isotp.c:167:12:isotp_receive_single_frame	24	static
../isotp-c/isotp.c:181:12:isotp_receive_first_frame	32	static
../isotp-c/isotp.c:213:12:isotp_receive_consecutive_frame	32	static
../isotp-c/isotp.c:242:12:isotp_receive_flow_control_frame	24	static
../isotp-c/isotp.c:256:5:isotp_send	24	static
../isotp-c/isotp.c:260:5:isotp_send_with_id	160	static
../isotp-c/isotp.c:307:6:isotp_on_can_message	40	static
../isotp-c/isotp.c:456:5:isotp_receive	32	static
../isotp-c/isotp.c:476:6:isotp_init_link	24	static
../isotp-c/isotp.c:489:6:isotp_poll	32	static
